<p>I am A<br>calling B</p><compono-error-block><div slot="title">Infinite component call</div><div slot="description">The call to component <strong>B</strong> creates an infinite loop and was skipped.</div></compono-error-block><p>calling self</p><compono-error-block><div slot="title">Infinite component call</div><div slot="description">The call to component <strong>A</strong> creates an infinite loop and was skipped.</div></compono-error-block>
