<compono-error-block><template shadowrootmode="closed"><div class="title">Infinite component call</div><div class="description">The call to component <strong>COMP</strong> creates an infinite loop and was skipped.</div></template></compono-error-block><compono-error-block><template shadowrootmode="closed"><div class="title">Unknown component</div><div class="description">The component <strong>NO_MATTER</strong> is not defined or not registered.</div></template></compono-error-block>
