<compono-error-block><div slot="title">Infinite component call</div><div slot="description">The call to component <strong>COMP</strong> creates an infinite loop and was skipped.</div></compono-error-block><compono-error-block><div slot="title">Unknown component</div><div slot="description">The component <strong>NO_MATTER</strong> is not defined or not registered.</div></compono-error-block>
