<h1>inline <compono-error-inline><span slot="title">Infinite component call</span><span slot="description">The call to component <strong>COMP</strong> creates an infinite loop and was skipped.</span></compono-error-inline></h1><h1>inline <compono-error-inline><span slot="title">Unknown component</span><span slot="description">The component <strong>NO_MATTER</strong> is not defined or not registered.</span></compono-error-inline></h1>
