<compono-error-block><template shadowrootmode="closed"><div class="title">Invalid built-in arguments</div><div class="description">The parameters <strong>text</strong>, <strong>url</strong>, <strong>new-tab</strong> do not match the schema of the built-in component <strong>LINK</strong>.</div></template></compono-error-block>
