<p><compono-error-inline><span slot="title">Invalid parameter usage</span><span slot="description">Parameters cannot be used in the root context.</span></compono-error-inline><br><compono-error-inline><span slot="title">Invalid parameter usage</span><span slot="description">Parameters cannot be used in the root context.</span></compono-error-inline></p>
