<compono-web-grid data-grid-template-columns="1fr 2fr" data-grid-template-rows="1fr" data-grid-template-areas='[["nav","body"]]'><compono-web-grid-item data-grid-area="nav"><p>Nav</p></compono-web-grid-item><compono-web-grid-item data-grid-area="body"><compono-web-grid data-grid-template-columns="1fr" data-grid-template-rows="1fr 1fr" data-grid-template-areas='[["alpha"],["beta"]]'><compono-web-grid-item data-grid-area="alpha"><p>Alpha</p></compono-web-grid-item><compono-web-grid-item data-grid-area="beta"><p>Beta</p></compono-web-grid-item></compono-web-grid></compono-web-grid-item></compono-web-grid>
