<compono-error-block><div slot="title">Missing breakpoint grid template parameters</div><div slot="description">The breakpoint <strong>sm</strong> must define <strong>grid-template-columns</strong>, <strong>grid-template-rows</strong>, and <strong>grid-template-areas</strong> together.</div></compono-error-block>
