<compono-web-grid data-grid-template-columns="1fr" data-grid-template-rows="1fr" data-grid-template-areas='[["hero"]]' data-md-grid-template-columns="1fr 1fr" data-md-grid-template-rows="1fr" data-md-grid-template-areas='[["hero","aside"]]'><compono-web-grid-item data-grid-area="aside"><p>Aside</p></compono-web-grid-item><compono-web-grid-item data-grid-area="hero"><p>Hero</p></compono-web-grid-item></compono-web-grid>
