<compono-web-grid data-grid-template-columns="1fr" data-grid-template-rows="min-content 1fr min-content" data-grid-template-areas='[["header"],["content"],["footer"]]'><compono-web-grid-item data-grid-area="header"><h1>Header</h1></compono-web-grid-item><compono-web-grid-item data-grid-area="content"><p><code style="white-space: pre">content</code></p></compono-web-grid-item><compono-web-grid-item data-grid-area="footer"><p>Footer</p></compono-web-grid-item></compono-web-grid>
