<compono-web-grid data-grid-template-columns="1fr" data-grid-template-rows="min-content 1fr min-content" data-grid-template-areas='[["header"],["content"],["footer"]]'><compono-web-grid-item data-grid-area="header"><compono-error-block><div slot="title">Unknown parameter</div><div slot="description">The parameter <strong>page-title</strong> is not defined for this component.</div></compono-error-block></compono-web-grid-item><compono-web-grid-item data-grid-area="content"><p><code style="white-space: pre">here content</code></p></compono-web-grid-item><compono-web-grid-item data-grid-area="footer"><p>footer</p></compono-web-grid-item></compono-web-grid>
