<compono-image><picture><source type="image/avif" srcset="https://cdn.example.com/context-photo-640.avif 640w"><source type="image/webp" srcset="https://cdn.example.com/context-photo-640.webp 640w"><img src="https://cdn.example.com/context-photo.jpg" alt="Context photo" width="1600" height="900"></picture></compono-image>
