<compono-web-grid data-grid-template-columns="1fr" data-grid-template-rows="1fr" data-grid-template-areas='[["hero"]]'><compono-web-grid-item data-grid-area="hero"><picture><source type="image/webp" srcset="https://cdn.example.com/layout-param-hero-512.webp 512w"><img src="https://cdn.example.com/layout-param-hero.jpg" alt="Layout parameter hero" width="1024" height="768"></picture></compono-web-grid-item></compono-web-grid>
