<p>owner <compono-error-inline><template shadowrootmode="closed"><span class="title">Unknown component</span><span class="description">The component <strong>ROOT_GLOBAL</strong> is not defined or not registered.</span></template></compono-error-inline></p><p>sub <compono-error-inline><template shadowrootmode="closed"><span class="title">Unknown component</span><span class="description">The component <strong>ROOT_GLOBAL</strong> is not defined or not registered.</span></template></compono-error-inline></p>